// Jest Snapshot v1, https://goo.gl/fbAQLP

exports[`Header renders correctly 1`] = `
<div
  className="header"
>
  <p
    className="textStyle"
  >
    Header title
  </p>
</div>
`;
