// Jest Snapshot v1, https://goo.gl/fbAQLP

exports[`App test App renders correctly 1`] = `
<div>
  <div>
    <div
      className="header"
    >
      <p
        className="textStyle"
      >
        HACKER NEWS
      </p>
    </div>
    <div
      className="layout"
    >
      <div
        style={
          Object {
            "marginBottom": "4.375rem ",
          }
        }
      >
        <div>
          <button
            className="selectedButton first"
            onClick={[Function]}
          >
            <p
              className="textStyle2"
            >
              All
            </p>
          </button>
          <button
            className="button second"
            onClick={[Function]}
          >
            <p
              className="textStyle5"
            >
              My faves
            </p>
          </button>
        </div>
      </div>
      <div
        className="home"
      >
        <div>
          <div
            className="container"
          >
            <div
              className="selectedText"
              data-testid="dropdown-component"
              onClick={[Function]}
            >
              <p
                className="textStyle4"
              >
                Select your news
              </p>
            </div>
          </div>
        </div>
        <div
          style={
            Object {
              "marginBottom": "2.375rem",
            }
          }
        />
        <div>
          Loading...
        </div>
      </div>
    </div>
  </div>
</div>
`;
