// Jest Snapshot v1, https://goo.gl/fbAQLP

exports[`Faves renders correctly 1`] = `
<div>
  <div>
    <section
      className="cards"
    />
  </div>
</div>
`;
